// Jest Snapshot v1, https://goo.gl/fbAQLP

exports[`Header renders correctly 1`] = `
<div
  data-testid="hello"
>
  Hello world!
</div>
`;
